Copyright 1986-2022 Xilinx, Inc. All Rights Reserved. Copyright 2022-2023 Advanced Micro Devices, Inc. All Rights Reserved.
--------------------------------------------------------------------------------------------------------------------------------------------------------------------------------------
| Tool Version : Vivado v.2023.2 (lin64) Build 4029153 Fri Oct 13 20:13:54 MDT 2023
| Date         : Tue Apr 15 19:14:43 2025
| Host         : CEAT-ENDV350-12L running 64-bit Ubuntu 22.04.5 LTS
| Command      : report_methodology -file design_1_wrapper_methodology_drc_routed.rpt -pb design_1_wrapper_methodology_drc_routed.pb -rpx design_1_wrapper_methodology_drc_routed.rpx
| Design       : design_1_wrapper
| Device       : xc7z020clg484-1
| Speed File   : -1
| Design State : Fully Routed
--------------------------------------------------------------------------------------------------------------------------------------------------------------------------------------

Report Methodology

Table of Contents
-----------------
1. REPORT SUMMARY
2. REPORT DETAILS

1. REPORT SUMMARY
-----------------
            Netlist: netlist
          Floorplan: design_1
      Design limits: <entire design considered>
             Max violations: <unlimited>
             Violations found: 70
+-----------+----------+--------------------------------+------------+
| Rule      | Severity | Description                    | Violations |
+-----------+----------+--------------------------------+------------+
| LUTAR-1   | Warning  | LUT drives async reset alert   | 4          |
| TIMING-18 | Warning  | Missing input or output delay  | 1          |
| TIMING-20 | Warning  | Non-clocked latch              | 64         |
| LATCH-1   | Advisory | Existing latches in the design | 1          |
+-----------+----------+--------------------------------+------------+

2. REPORT DETAILS
-----------------
LUTAR-1#1 Warning
LUT drives async reset alert  
LUT cell dbg_hub/inst/BSCANID.u_xsdbm_id/CORE_XSDB.UUT_MASTER/U_ICON_INTERFACE/U_CMD6_RD/U_RD_FIFO/SUBCORE_FIFO.xsdbm_v3_0_0_rdfifo_inst/inst_fifo_gen/gconvfifo.rf/grf.rf/rstblk/ngwrdrst.grst.g7serrst.gwrrd_rst_sync_stage[2].rrst_inst/ngwrdrst.grst.g7serrst.rd_rst_reg[2]_i_1, with 2 or more inputs, drives asynchronous preset/clear pin(s) dbg_hub/inst/BSCANID.u_xsdbm_id/CORE_XSDB.UUT_MASTER/U_ICON_INTERFACE/U_CMD6_RD/U_RD_FIFO/SUBCORE_FIFO.xsdbm_v3_0_0_rdfifo_inst/inst_fifo_gen/gconvfifo.rf/grf.rf/rstblk/ngwrdrst.grst.g7serrst.rd_rst_reg_reg[0]/PRE,
dbg_hub/inst/BSCANID.u_xsdbm_id/CORE_XSDB.UUT_MASTER/U_ICON_INTERFACE/U_CMD6_RD/U_RD_FIFO/SUBCORE_FIFO.xsdbm_v3_0_0_rdfifo_inst/inst_fifo_gen/gconvfifo.rf/grf.rf/rstblk/ngwrdrst.grst.g7serrst.rd_rst_reg_reg[1]/PRE
dbg_hub/inst/BSCANID.u_xsdbm_id/CORE_XSDB.UUT_MASTER/U_ICON_INTERFACE/U_CMD6_RD/U_RD_FIFO/SUBCORE_FIFO.xsdbm_v3_0_0_rdfifo_inst/inst_fifo_gen/gconvfifo.rf/grf.rf/rstblk/ngwrdrst.grst.g7serrst.rd_rst_reg_reg[2]/PRE. The LUT may glitch and trigger an unexpected reset, even if it is a properly timed path.
Related violations: <none>

LUTAR-1#2 Warning
LUT drives async reset alert  
LUT cell dbg_hub/inst/BSCANID.u_xsdbm_id/CORE_XSDB.UUT_MASTER/U_ICON_INTERFACE/U_CMD6_RD/U_RD_FIFO/SUBCORE_FIFO.xsdbm_v3_0_0_rdfifo_inst/inst_fifo_gen/gconvfifo.rf/grf.rf/rstblk/ngwrdrst.grst.g7serrst.gwrrd_rst_sync_stage[2].wrst_inst/ngwrdrst.grst.g7serrst.wr_rst_reg[2]_i_1, with 2 or more inputs, drives asynchronous preset/clear pin(s) dbg_hub/inst/BSCANID.u_xsdbm_id/CORE_XSDB.UUT_MASTER/U_ICON_INTERFACE/U_CMD6_RD/U_RD_FIFO/SUBCORE_FIFO.xsdbm_v3_0_0_rdfifo_inst/inst_fifo_gen/gconvfifo.rf/grf.rf/rstblk/ngwrdrst.grst.g7serrst.wr_rst_reg_reg[0]/PRE,
dbg_hub/inst/BSCANID.u_xsdbm_id/CORE_XSDB.UUT_MASTER/U_ICON_INTERFACE/U_CMD6_RD/U_RD_FIFO/SUBCORE_FIFO.xsdbm_v3_0_0_rdfifo_inst/inst_fifo_gen/gconvfifo.rf/grf.rf/rstblk/ngwrdrst.grst.g7serrst.wr_rst_reg_reg[1]/PRE
dbg_hub/inst/BSCANID.u_xsdbm_id/CORE_XSDB.UUT_MASTER/U_ICON_INTERFACE/U_CMD6_RD/U_RD_FIFO/SUBCORE_FIFO.xsdbm_v3_0_0_rdfifo_inst/inst_fifo_gen/gconvfifo.rf/grf.rf/rstblk/ngwrdrst.grst.g7serrst.wr_rst_reg_reg[2]/PRE. The LUT may glitch and trigger an unexpected reset, even if it is a properly timed path.
Related violations: <none>

LUTAR-1#3 Warning
LUT drives async reset alert  
LUT cell dbg_hub/inst/BSCANID.u_xsdbm_id/CORE_XSDB.UUT_MASTER/U_ICON_INTERFACE/U_CMD6_WR/U_WR_FIFO/SUBCORE_FIFO.xsdbm_v3_0_0_wrfifo_inst/inst_fifo_gen/gconvfifo.rf/grf.rf/rstblk/ngwrdrst.grst.g7serrst.gwrrd_rst_sync_stage[2].rrst_inst/ngwrdrst.grst.g7serrst.rd_rst_reg[2]_i_1, with 2 or more inputs, drives asynchronous preset/clear pin(s) dbg_hub/inst/BSCANID.u_xsdbm_id/CORE_XSDB.UUT_MASTER/U_ICON_INTERFACE/U_CMD6_WR/U_WR_FIFO/SUBCORE_FIFO.xsdbm_v3_0_0_wrfifo_inst/inst_fifo_gen/gconvfifo.rf/grf.rf/rstblk/ngwrdrst.grst.g7serrst.rd_rst_reg_reg[0]/PRE,
dbg_hub/inst/BSCANID.u_xsdbm_id/CORE_XSDB.UUT_MASTER/U_ICON_INTERFACE/U_CMD6_WR/U_WR_FIFO/SUBCORE_FIFO.xsdbm_v3_0_0_wrfifo_inst/inst_fifo_gen/gconvfifo.rf/grf.rf/rstblk/ngwrdrst.grst.g7serrst.rd_rst_reg_reg[1]/PRE
dbg_hub/inst/BSCANID.u_xsdbm_id/CORE_XSDB.UUT_MASTER/U_ICON_INTERFACE/U_CMD6_WR/U_WR_FIFO/SUBCORE_FIFO.xsdbm_v3_0_0_wrfifo_inst/inst_fifo_gen/gconvfifo.rf/grf.rf/rstblk/ngwrdrst.grst.g7serrst.rd_rst_reg_reg[2]/PRE. The LUT may glitch and trigger an unexpected reset, even if it is a properly timed path.
Related violations: <none>

LUTAR-1#4 Warning
LUT drives async reset alert  
LUT cell dbg_hub/inst/BSCANID.u_xsdbm_id/CORE_XSDB.UUT_MASTER/U_ICON_INTERFACE/U_CMD6_WR/U_WR_FIFO/SUBCORE_FIFO.xsdbm_v3_0_0_wrfifo_inst/inst_fifo_gen/gconvfifo.rf/grf.rf/rstblk/ngwrdrst.grst.g7serrst.gwrrd_rst_sync_stage[2].wrst_inst/ngwrdrst.grst.g7serrst.wr_rst_reg[2]_i_1, with 2 or more inputs, drives asynchronous preset/clear pin(s) dbg_hub/inst/BSCANID.u_xsdbm_id/CORE_XSDB.UUT_MASTER/U_ICON_INTERFACE/U_CMD6_WR/U_WR_FIFO/SUBCORE_FIFO.xsdbm_v3_0_0_wrfifo_inst/inst_fifo_gen/gconvfifo.rf/grf.rf/rstblk/ngwrdrst.grst.g7serrst.wr_rst_reg_reg[0]/PRE,
dbg_hub/inst/BSCANID.u_xsdbm_id/CORE_XSDB.UUT_MASTER/U_ICON_INTERFACE/U_CMD6_WR/U_WR_FIFO/SUBCORE_FIFO.xsdbm_v3_0_0_wrfifo_inst/inst_fifo_gen/gconvfifo.rf/grf.rf/rstblk/ngwrdrst.grst.g7serrst.wr_rst_reg_reg[1]/PRE
dbg_hub/inst/BSCANID.u_xsdbm_id/CORE_XSDB.UUT_MASTER/U_ICON_INTERFACE/U_CMD6_WR/U_WR_FIFO/SUBCORE_FIFO.xsdbm_v3_0_0_wrfifo_inst/inst_fifo_gen/gconvfifo.rf/grf.rf/rstblk/ngwrdrst.grst.g7serrst.wr_rst_reg_reg[2]/PRE. The LUT may glitch and trigger an unexpected reset, even if it is a properly timed path.
Related violations: <none>

TIMING-18#1 Warning
Missing input or output delay  
An input delay is missing on btn0 relative to the rising and/or falling clock edge(s) of clk_fpga_0.
Related violations: <none>

TIMING-20#1 Warning
Non-clocked latch  
The latch design_1_i/top_0/inst/riscv/dp/load/Data_reg[0] cannot be properly analyzed as its control pin design_1_i/top_0/inst/riscv/dp/load/Data_reg[0]/G is not reached by a timing clock
Related violations: <none>

TIMING-20#2 Warning
Non-clocked latch  
The latch design_1_i/top_0/inst/riscv/dp/load/Data_reg[10] cannot be properly analyzed as its control pin design_1_i/top_0/inst/riscv/dp/load/Data_reg[10]/G is not reached by a timing clock
Related violations: <none>

TIMING-20#3 Warning
Non-clocked latch  
The latch design_1_i/top_0/inst/riscv/dp/load/Data_reg[11] cannot be properly analyzed as its control pin design_1_i/top_0/inst/riscv/dp/load/Data_reg[11]/G is not reached by a timing clock
Related violations: <none>

TIMING-20#4 Warning
Non-clocked latch  
The latch design_1_i/top_0/inst/riscv/dp/load/Data_reg[12] cannot be properly analyzed as its control pin design_1_i/top_0/inst/riscv/dp/load/Data_reg[12]/G is not reached by a timing clock
Related violations: <none>

TIMING-20#5 Warning
Non-clocked latch  
The latch design_1_i/top_0/inst/riscv/dp/load/Data_reg[13] cannot be properly analyzed as its control pin design_1_i/top_0/inst/riscv/dp/load/Data_reg[13]/G is not reached by a timing clock
Related violations: <none>

TIMING-20#6 Warning
Non-clocked latch  
The latch design_1_i/top_0/inst/riscv/dp/load/Data_reg[14] cannot be properly analyzed as its control pin design_1_i/top_0/inst/riscv/dp/load/Data_reg[14]/G is not reached by a timing clock
Related violations: <none>

TIMING-20#7 Warning
Non-clocked latch  
The latch design_1_i/top_0/inst/riscv/dp/load/Data_reg[15] cannot be properly analyzed as its control pin design_1_i/top_0/inst/riscv/dp/load/Data_reg[15]/G is not reached by a timing clock
Related violations: <none>

TIMING-20#8 Warning
Non-clocked latch  
The latch design_1_i/top_0/inst/riscv/dp/load/Data_reg[16] cannot be properly analyzed as its control pin design_1_i/top_0/inst/riscv/dp/load/Data_reg[16]/G is not reached by a timing clock
Related violations: <none>

TIMING-20#9 Warning
Non-clocked latch  
The latch design_1_i/top_0/inst/riscv/dp/load/Data_reg[17] cannot be properly analyzed as its control pin design_1_i/top_0/inst/riscv/dp/load/Data_reg[17]/G is not reached by a timing clock
Related violations: <none>

TIMING-20#10 Warning
Non-clocked latch  
The latch design_1_i/top_0/inst/riscv/dp/load/Data_reg[18] cannot be properly analyzed as its control pin design_1_i/top_0/inst/riscv/dp/load/Data_reg[18]/G is not reached by a timing clock
Related violations: <none>

TIMING-20#11 Warning
Non-clocked latch  
The latch design_1_i/top_0/inst/riscv/dp/load/Data_reg[19] cannot be properly analyzed as its control pin design_1_i/top_0/inst/riscv/dp/load/Data_reg[19]/G is not reached by a timing clock
Related violations: <none>

TIMING-20#12 Warning
Non-clocked latch  
The latch design_1_i/top_0/inst/riscv/dp/load/Data_reg[1] cannot be properly analyzed as its control pin design_1_i/top_0/inst/riscv/dp/load/Data_reg[1]/G is not reached by a timing clock
Related violations: <none>

TIMING-20#13 Warning
Non-clocked latch  
The latch design_1_i/top_0/inst/riscv/dp/load/Data_reg[20] cannot be properly analyzed as its control pin design_1_i/top_0/inst/riscv/dp/load/Data_reg[20]/G is not reached by a timing clock
Related violations: <none>

TIMING-20#14 Warning
Non-clocked latch  
The latch design_1_i/top_0/inst/riscv/dp/load/Data_reg[21] cannot be properly analyzed as its control pin design_1_i/top_0/inst/riscv/dp/load/Data_reg[21]/G is not reached by a timing clock
Related violations: <none>

TIMING-20#15 Warning
Non-clocked latch  
The latch design_1_i/top_0/inst/riscv/dp/load/Data_reg[22] cannot be properly analyzed as its control pin design_1_i/top_0/inst/riscv/dp/load/Data_reg[22]/G is not reached by a timing clock
Related violations: <none>

TIMING-20#16 Warning
Non-clocked latch  
The latch design_1_i/top_0/inst/riscv/dp/load/Data_reg[23] cannot be properly analyzed as its control pin design_1_i/top_0/inst/riscv/dp/load/Data_reg[23]/G is not reached by a timing clock
Related violations: <none>

TIMING-20#17 Warning
Non-clocked latch  
The latch design_1_i/top_0/inst/riscv/dp/load/Data_reg[24] cannot be properly analyzed as its control pin design_1_i/top_0/inst/riscv/dp/load/Data_reg[24]/G is not reached by a timing clock
Related violations: <none>

TIMING-20#18 Warning
Non-clocked latch  
The latch design_1_i/top_0/inst/riscv/dp/load/Data_reg[25] cannot be properly analyzed as its control pin design_1_i/top_0/inst/riscv/dp/load/Data_reg[25]/G is not reached by a timing clock
Related violations: <none>

TIMING-20#19 Warning
Non-clocked latch  
The latch design_1_i/top_0/inst/riscv/dp/load/Data_reg[26] cannot be properly analyzed as its control pin design_1_i/top_0/inst/riscv/dp/load/Data_reg[26]/G is not reached by a timing clock
Related violations: <none>

TIMING-20#20 Warning
Non-clocked latch  
The latch design_1_i/top_0/inst/riscv/dp/load/Data_reg[27] cannot be properly analyzed as its control pin design_1_i/top_0/inst/riscv/dp/load/Data_reg[27]/G is not reached by a timing clock
Related violations: <none>

TIMING-20#21 Warning
Non-clocked latch  
The latch design_1_i/top_0/inst/riscv/dp/load/Data_reg[28] cannot be properly analyzed as its control pin design_1_i/top_0/inst/riscv/dp/load/Data_reg[28]/G is not reached by a timing clock
Related violations: <none>

TIMING-20#22 Warning
Non-clocked latch  
The latch design_1_i/top_0/inst/riscv/dp/load/Data_reg[29] cannot be properly analyzed as its control pin design_1_i/top_0/inst/riscv/dp/load/Data_reg[29]/G is not reached by a timing clock
Related violations: <none>

TIMING-20#23 Warning
Non-clocked latch  
The latch design_1_i/top_0/inst/riscv/dp/load/Data_reg[2] cannot be properly analyzed as its control pin design_1_i/top_0/inst/riscv/dp/load/Data_reg[2]/G is not reached by a timing clock
Related violations: <none>

TIMING-20#24 Warning
Non-clocked latch  
The latch design_1_i/top_0/inst/riscv/dp/load/Data_reg[30] cannot be properly analyzed as its control pin design_1_i/top_0/inst/riscv/dp/load/Data_reg[30]/G is not reached by a timing clock
Related violations: <none>

TIMING-20#25 Warning
Non-clocked latch  
The latch design_1_i/top_0/inst/riscv/dp/load/Data_reg[31] cannot be properly analyzed as its control pin design_1_i/top_0/inst/riscv/dp/load/Data_reg[31]/G is not reached by a timing clock
Related violations: <none>

TIMING-20#26 Warning
Non-clocked latch  
The latch design_1_i/top_0/inst/riscv/dp/load/Data_reg[3] cannot be properly analyzed as its control pin design_1_i/top_0/inst/riscv/dp/load/Data_reg[3]/G is not reached by a timing clock
Related violations: <none>

TIMING-20#27 Warning
Non-clocked latch  
The latch design_1_i/top_0/inst/riscv/dp/load/Data_reg[4] cannot be properly analyzed as its control pin design_1_i/top_0/inst/riscv/dp/load/Data_reg[4]/G is not reached by a timing clock
Related violations: <none>

TIMING-20#28 Warning
Non-clocked latch  
The latch design_1_i/top_0/inst/riscv/dp/load/Data_reg[5] cannot be properly analyzed as its control pin design_1_i/top_0/inst/riscv/dp/load/Data_reg[5]/G is not reached by a timing clock
Related violations: <none>

TIMING-20#29 Warning
Non-clocked latch  
The latch design_1_i/top_0/inst/riscv/dp/load/Data_reg[6] cannot be properly analyzed as its control pin design_1_i/top_0/inst/riscv/dp/load/Data_reg[6]/G is not reached by a timing clock
Related violations: <none>

TIMING-20#30 Warning
Non-clocked latch  
The latch design_1_i/top_0/inst/riscv/dp/load/Data_reg[7] cannot be properly analyzed as its control pin design_1_i/top_0/inst/riscv/dp/load/Data_reg[7]/G is not reached by a timing clock
Related violations: <none>

TIMING-20#31 Warning
Non-clocked latch  
The latch design_1_i/top_0/inst/riscv/dp/load/Data_reg[8] cannot be properly analyzed as its control pin design_1_i/top_0/inst/riscv/dp/load/Data_reg[8]/G is not reached by a timing clock
Related violations: <none>

TIMING-20#32 Warning
Non-clocked latch  
The latch design_1_i/top_0/inst/riscv/dp/load/Data_reg[9] cannot be properly analyzed as its control pin design_1_i/top_0/inst/riscv/dp/load/Data_reg[9]/G is not reached by a timing clock
Related violations: <none>

TIMING-20#33 Warning
Non-clocked latch  
The latch design_1_i/top_0/inst/riscv/dp/store/WriteDataOut_reg[0] cannot be properly analyzed as its control pin design_1_i/top_0/inst/riscv/dp/store/WriteDataOut_reg[0]/G is not reached by a timing clock
Related violations: <none>

TIMING-20#34 Warning
Non-clocked latch  
The latch design_1_i/top_0/inst/riscv/dp/store/WriteDataOut_reg[10] cannot be properly analyzed as its control pin design_1_i/top_0/inst/riscv/dp/store/WriteDataOut_reg[10]/G is not reached by a timing clock
Related violations: <none>

TIMING-20#35 Warning
Non-clocked latch  
The latch design_1_i/top_0/inst/riscv/dp/store/WriteDataOut_reg[11] cannot be properly analyzed as its control pin design_1_i/top_0/inst/riscv/dp/store/WriteDataOut_reg[11]/G is not reached by a timing clock
Related violations: <none>

TIMING-20#36 Warning
Non-clocked latch  
The latch design_1_i/top_0/inst/riscv/dp/store/WriteDataOut_reg[12] cannot be properly analyzed as its control pin design_1_i/top_0/inst/riscv/dp/store/WriteDataOut_reg[12]/G is not reached by a timing clock
Related violations: <none>

TIMING-20#37 Warning
Non-clocked latch  
The latch design_1_i/top_0/inst/riscv/dp/store/WriteDataOut_reg[13] cannot be properly analyzed as its control pin design_1_i/top_0/inst/riscv/dp/store/WriteDataOut_reg[13]/G is not reached by a timing clock
Related violations: <none>

TIMING-20#38 Warning
Non-clocked latch  
The latch design_1_i/top_0/inst/riscv/dp/store/WriteDataOut_reg[14] cannot be properly analyzed as its control pin design_1_i/top_0/inst/riscv/dp/store/WriteDataOut_reg[14]/G is not reached by a timing clock
Related violations: <none>

TIMING-20#39 Warning
Non-clocked latch  
The latch design_1_i/top_0/inst/riscv/dp/store/WriteDataOut_reg[15] cannot be properly analyzed as its control pin design_1_i/top_0/inst/riscv/dp/store/WriteDataOut_reg[15]/G is not reached by a timing clock
Related violations: <none>

TIMING-20#40 Warning
Non-clocked latch  
The latch design_1_i/top_0/inst/riscv/dp/store/WriteDataOut_reg[16] cannot be properly analyzed as its control pin design_1_i/top_0/inst/riscv/dp/store/WriteDataOut_reg[16]/G is not reached by a timing clock
Related violations: <none>

TIMING-20#41 Warning
Non-clocked latch  
The latch design_1_i/top_0/inst/riscv/dp/store/WriteDataOut_reg[17] cannot be properly analyzed as its control pin design_1_i/top_0/inst/riscv/dp/store/WriteDataOut_reg[17]/G is not reached by a timing clock
Related violations: <none>

TIMING-20#42 Warning
Non-clocked latch  
The latch design_1_i/top_0/inst/riscv/dp/store/WriteDataOut_reg[18] cannot be properly analyzed as its control pin design_1_i/top_0/inst/riscv/dp/store/WriteDataOut_reg[18]/G is not reached by a timing clock
Related violations: <none>

TIMING-20#43 Warning
Non-clocked latch  
The latch design_1_i/top_0/inst/riscv/dp/store/WriteDataOut_reg[19] cannot be properly analyzed as its control pin design_1_i/top_0/inst/riscv/dp/store/WriteDataOut_reg[19]/G is not reached by a timing clock
Related violations: <none>

TIMING-20#44 Warning
Non-clocked latch  
The latch design_1_i/top_0/inst/riscv/dp/store/WriteDataOut_reg[1] cannot be properly analyzed as its control pin design_1_i/top_0/inst/riscv/dp/store/WriteDataOut_reg[1]/G is not reached by a timing clock
Related violations: <none>

TIMING-20#45 Warning
Non-clocked latch  
The latch design_1_i/top_0/inst/riscv/dp/store/WriteDataOut_reg[20] cannot be properly analyzed as its control pin design_1_i/top_0/inst/riscv/dp/store/WriteDataOut_reg[20]/G is not reached by a timing clock
Related violations: <none>

TIMING-20#46 Warning
Non-clocked latch  
The latch design_1_i/top_0/inst/riscv/dp/store/WriteDataOut_reg[21] cannot be properly analyzed as its control pin design_1_i/top_0/inst/riscv/dp/store/WriteDataOut_reg[21]/G is not reached by a timing clock
Related violations: <none>

TIMING-20#47 Warning
Non-clocked latch  
The latch design_1_i/top_0/inst/riscv/dp/store/WriteDataOut_reg[22] cannot be properly analyzed as its control pin design_1_i/top_0/inst/riscv/dp/store/WriteDataOut_reg[22]/G is not reached by a timing clock
Related violations: <none>

TIMING-20#48 Warning
Non-clocked latch  
The latch design_1_i/top_0/inst/riscv/dp/store/WriteDataOut_reg[23] cannot be properly analyzed as its control pin design_1_i/top_0/inst/riscv/dp/store/WriteDataOut_reg[23]/G is not reached by a timing clock
Related violations: <none>

TIMING-20#49 Warning
Non-clocked latch  
The latch design_1_i/top_0/inst/riscv/dp/store/WriteDataOut_reg[24] cannot be properly analyzed as its control pin design_1_i/top_0/inst/riscv/dp/store/WriteDataOut_reg[24]/G is not reached by a timing clock
Related violations: <none>

TIMING-20#50 Warning
Non-clocked latch  
The latch design_1_i/top_0/inst/riscv/dp/store/WriteDataOut_reg[25] cannot be properly analyzed as its control pin design_1_i/top_0/inst/riscv/dp/store/WriteDataOut_reg[25]/G is not reached by a timing clock
Related violations: <none>

TIMING-20#51 Warning
Non-clocked latch  
The latch design_1_i/top_0/inst/riscv/dp/store/WriteDataOut_reg[26] cannot be properly analyzed as its control pin design_1_i/top_0/inst/riscv/dp/store/WriteDataOut_reg[26]/G is not reached by a timing clock
Related violations: <none>

TIMING-20#52 Warning
Non-clocked latch  
The latch design_1_i/top_0/inst/riscv/dp/store/WriteDataOut_reg[27] cannot be properly analyzed as its control pin design_1_i/top_0/inst/riscv/dp/store/WriteDataOut_reg[27]/G is not reached by a timing clock
Related violations: <none>

TIMING-20#53 Warning
Non-clocked latch  
The latch design_1_i/top_0/inst/riscv/dp/store/WriteDataOut_reg[28] cannot be properly analyzed as its control pin design_1_i/top_0/inst/riscv/dp/store/WriteDataOut_reg[28]/G is not reached by a timing clock
Related violations: <none>

TIMING-20#54 Warning
Non-clocked latch  
The latch design_1_i/top_0/inst/riscv/dp/store/WriteDataOut_reg[29] cannot be properly analyzed as its control pin design_1_i/top_0/inst/riscv/dp/store/WriteDataOut_reg[29]/G is not reached by a timing clock
Related violations: <none>

TIMING-20#55 Warning
Non-clocked latch  
The latch design_1_i/top_0/inst/riscv/dp/store/WriteDataOut_reg[2] cannot be properly analyzed as its control pin design_1_i/top_0/inst/riscv/dp/store/WriteDataOut_reg[2]/G is not reached by a timing clock
Related violations: <none>

TIMING-20#56 Warning
Non-clocked latch  
The latch design_1_i/top_0/inst/riscv/dp/store/WriteDataOut_reg[30] cannot be properly analyzed as its control pin design_1_i/top_0/inst/riscv/dp/store/WriteDataOut_reg[30]/G is not reached by a timing clock
Related violations: <none>

TIMING-20#57 Warning
Non-clocked latch  
The latch design_1_i/top_0/inst/riscv/dp/store/WriteDataOut_reg[31] cannot be properly analyzed as its control pin design_1_i/top_0/inst/riscv/dp/store/WriteDataOut_reg[31]/G is not reached by a timing clock
Related violations: <none>

TIMING-20#58 Warning
Non-clocked latch  
The latch design_1_i/top_0/inst/riscv/dp/store/WriteDataOut_reg[3] cannot be properly analyzed as its control pin design_1_i/top_0/inst/riscv/dp/store/WriteDataOut_reg[3]/G is not reached by a timing clock
Related violations: <none>

TIMING-20#59 Warning
Non-clocked latch  
The latch design_1_i/top_0/inst/riscv/dp/store/WriteDataOut_reg[4] cannot be properly analyzed as its control pin design_1_i/top_0/inst/riscv/dp/store/WriteDataOut_reg[4]/G is not reached by a timing clock
Related violations: <none>

TIMING-20#60 Warning
Non-clocked latch  
The latch design_1_i/top_0/inst/riscv/dp/store/WriteDataOut_reg[5] cannot be properly analyzed as its control pin design_1_i/top_0/inst/riscv/dp/store/WriteDataOut_reg[5]/G is not reached by a timing clock
Related violations: <none>

TIMING-20#61 Warning
Non-clocked latch  
The latch design_1_i/top_0/inst/riscv/dp/store/WriteDataOut_reg[6] cannot be properly analyzed as its control pin design_1_i/top_0/inst/riscv/dp/store/WriteDataOut_reg[6]/G is not reached by a timing clock
Related violations: <none>

TIMING-20#62 Warning
Non-clocked latch  
The latch design_1_i/top_0/inst/riscv/dp/store/WriteDataOut_reg[7] cannot be properly analyzed as its control pin design_1_i/top_0/inst/riscv/dp/store/WriteDataOut_reg[7]/G is not reached by a timing clock
Related violations: <none>

TIMING-20#63 Warning
Non-clocked latch  
The latch design_1_i/top_0/inst/riscv/dp/store/WriteDataOut_reg[8] cannot be properly analyzed as its control pin design_1_i/top_0/inst/riscv/dp/store/WriteDataOut_reg[8]/G is not reached by a timing clock
Related violations: <none>

TIMING-20#64 Warning
Non-clocked latch  
The latch design_1_i/top_0/inst/riscv/dp/store/WriteDataOut_reg[9] cannot be properly analyzed as its control pin design_1_i/top_0/inst/riscv/dp/store/WriteDataOut_reg[9]/G is not reached by a timing clock
Related violations: <none>

LATCH-1#1 Advisory
Existing latches in the design  
There are 64 latches found in the design. Inferred latches are often the result of HDL coding mistakes, such as incomplete if or case statements.
Related violations: <none>


